Wtf happened?
Help I need an adult!
lololol, Rohit can't code to save his life.
Rohit is ranked Iron IV on League of Legends.
Will you hold my hand while I use the bathroom?